#-----------------------------------------------------------
# Vivado v2020.2 (64-bit)
# SW Build 3064766 on Wed Nov 18 09:12:45 MST 2020
# IP Build 3064653 on Wed Nov 18 14:17:31 MST 2020
# Start of session at: Mon Sep 12 12:55:25 2022
# Process ID: 8440
# Current directory: C:/Users/honghongyu/verilog/remake/cpu21-riscv/single_cycle_riscv/mips_cpu
# Command line: vivado.exe -gui_launcher_event rodinguilauncherevent4416 C:\Users\honghongyu\verilog\remake\cpu21-riscv\single_cycle_riscv\mips_cpu\mips_cpu.xpr
# Log file: C:/Users/honghongyu/verilog/remake/cpu21-riscv/single_cycle_riscv/mips_cpu/vivado.log
# Journal file: C:/Users/honghongyu/verilog/remake/cpu21-riscv/single_cycle_riscv/mips_cpu\vivado.jou
#-----------------------------------------------------------
start_gui
open_project C:/Users/honghongyu/verilog/remake/cpu21-riscv/single_cycle_riscv/mips_cpu/mips_cpu.xpr
update_compile_order -fileset sources_1
reset_run impl_1 -prev_step 
launch_runs impl_1 -to_step write_bitstream -jobs 2
wait_on_run impl_1
open_hw_manager
connect_hw_server -allow_non_jtag
open_hw_target
set_property PROGRAM.FILE {C:/Users/honghongyu/verilog/remake/cpu21-riscv/single_cycle_riscv/mips_cpu/mips_cpu.runs/impl_1/LogisimToplevelShell.bit} [get_hw_devices xc7a100t_0]
current_hw_device [get_hw_devices xc7a100t_0]
refresh_hw_device -update_hw_probes false [lindex [get_hw_devices xc7a100t_0] 0]
set_property PROBES.FILE {} [get_hw_devices xc7a100t_0]
set_property FULL_PROBES.FILE {} [get_hw_devices xc7a100t_0]
set_property PROGRAM.FILE {C:/Users/honghongyu/verilog/remake/cpu21-riscv/single_cycle_riscv/mips_cpu/mips_cpu.runs/impl_1/LogisimToplevelShell.bit} [get_hw_devices xc7a100t_0]
program_hw_devices [get_hw_devices xc7a100t_0]
refresh_hw_device [lindex [get_hw_devices xc7a100t_0] 0]
close_hw_manager
open_hw_manager
connect_hw_server -allow_non_jtag
open_hw_target
set_property PROGRAM.FILE {C:/Users/honghongyu/verilog/remake/cpu21-riscv/single_cycle_riscv/mips_cpu/mips_cpu.runs/impl_1/LogisimToplevelShell.bit} [get_hw_devices xc7a100t_0]
current_hw_device [get_hw_devices xc7a100t_0]
refresh_hw_device -update_hw_probes false [lindex [get_hw_devices xc7a100t_0] 0]
set_property PROBES.FILE {} [get_hw_devices xc7a100t_0]
set_property FULL_PROBES.FILE {} [get_hw_devices xc7a100t_0]
set_property PROGRAM.FILE {C:/Users/honghongyu/verilog/remake/cpu21-riscv/single_cycle_riscv/mips_cpu/mips_cpu.runs/impl_1/LogisimToplevelShell.bit} [get_hw_devices xc7a100t_0]
program_hw_devices [get_hw_devices xc7a100t_0]
refresh_hw_device [lindex [get_hw_devices xc7a100t_0] 0]
