#-----------------------------------------------------------
# Vivado v2020.2 (64-bit)
# SW Build 3064766 on Wed Nov 18 09:12:45 MST 2020
# IP Build 3064653 on Wed Nov 18 14:17:31 MST 2020
# Start of session at: Tue Sep  6 14:59:28 2022
# Process ID: 16484
# Current directory: C:/Users/honghongyu/verilog/remake/cpu21-riscv/single_cycle_riscv/mips_cpu/mips_cpu.sim/sim_1/behav/xsim
# Command line: vivado.exe -gui_launcher_event rodinguilauncherevent2604 C:\Users\honghongyu\verilog\remake\cpu21-riscv\single_cycle_riscv\mips_cpu\mips_cpu.sim\sim_1\behav\xsim\LogisimToplevelShell_behav.wdb
# Log file: C:/Users/honghongyu/verilog/remake/cpu21-riscv/single_cycle_riscv/mips_cpu/mips_cpu.sim/sim_1/behav/xsim/vivado.log
# Journal file: C:/Users/honghongyu/verilog/remake/cpu21-riscv/single_cycle_riscv/mips_cpu/mips_cpu.sim/sim_1/behav/xsim\vivado.jou
#-----------------------------------------------------------
start_gui
open_wave_database {C:\Users\honghongyu\verilog\remake\cpu21-riscv\single_cycle_riscv\mips_cpu\mips_cpu.sim\sim_1\behav\xsim\LogisimToplevelShell_behav.wdb}
close_sim
